---
source: packages/qwik/src/optimizer/core/src/test.rs
assertion_line: 2962
expression: output
---
==INPUT==


import { component$, useStore, mutable } from '@qwikdev/core';

import {dep} from './file';

export const App = component$(() => {
	const signal = useSignal(0);
	const store = useStore({});
	return (
		<>
			<ul id="issue-2800-result">
				{Object.entries(store).map(([key, value]) => (
				<li>
					{key} - {value}
				</li>
				))}
			</ul>
		</>
	);
});

============================= test.js ==

import { componentQrl } from "@qwikdev/core";
import { _jsxSorted } from "@qwikdev/core";
import { inlinedQrl } from "@qwikdev/core";
import { Fragment as _Fragment } from "@qwikdev/core/jsx-runtime";
import { useStore } from '@qwikdev/core';
const App_component_ckEPmXZlub0 = ()=>{
    useSignal(0);
    const store = useStore({});
    return /*#__PURE__*/ _jsxSorted(_Fragment, null, null, /*#__PURE__*/ _jsxSorted("ul", null, {
        id: "issue-2800-result"
    }, Object.entries(store).map(([key, value])=>/*#__PURE__*/ _jsxSorted("li", null, null, [
            key,
            " - ",
            value
        ], 1, "u6_0")), 1, null), 1, "u6_1");
};
export const App = /*#__PURE__*/ componentQrl(/*#__PURE__*/ inlinedQrl(App_component_ckEPmXZlub0, "App_component_ckEPmXZlub0"));


Some("{\"version\":3,\"sources\":[\"/user/qwik/src/test.tsx\"],\"names\":[],\"mappings\":\";;;;AACA,SAAqB,QAAQ,QAAiB,mBAAmB;kCAInC;IACd,UAAU;IACzB,MAAM,QAAQ,SAAS,CAAC;IACxB,qBACC,gDACC,WAAC;QAAG,IAAG;OACL,OAAO,OAAO,CAAC,OAAO,GAAG,CAAC,CAAC,CAAC,KAAK,MAAM,iBACxC,WAAC;YACC;YAAI;YAAI;;AAMd;AAdA,OAAO,MAAM,oBAAM,+FAchB\"}")
== DIAGNOSTICS ==

[]
