---
source: packages/qwik/src/optimizer/core/src/test.rs
assertion_line: 1412
expression: output
---
==INPUT==


import { component$, $, useStyles$ } from '@qwik.dev/core';

export const App = component$((props) => {
	useStyles$('hola');
	return $(() => (
		<div></div>
	));
});

============================= test.tsx ==

import { componentQrl } from "@qwik.dev/core";
import { qrl } from "@qwik.dev/core";
export const App = /*#__PURE__*/ componentQrl(/*#__PURE__*/ qrl(()=>import("./app_component_ckepmxzlub0.tsx"), "App_component_ckEPmXZlub0"));


Some("{\"version\":3,\"sources\":[\"/user/qwik/src/test.tsx\"],\"names\":[],\"mappings\":\";;AAGA,OAAO,MAAM,oBAAM,4GAKhB\"}")
============================= app_component_usestyles_t35nsa5uv7u.tsx ==

export const App_component_useStyles_t35nSa5UV7U = 'hola';


Some("{\"version\":3,\"sources\":[\"/user/qwik/src/test.tsx\"],\"names\":[],\"mappings\":\"mDAIY\"}")
/*
{
  "origin": "test.tsx",
  "name": "App_component_useStyles_t35nSa5UV7U",
  "entry": "entry_segments",
  "displayName": "App_component_useStyles",
  "hash": "t35nSa5UV7U",
  "canonicalFilename": "app_component_usestyles_t35nsa5uv7u",
  "path": "",
  "extension": "tsx",
  "parent": "App_component_ckEPmXZlub0",
  "ctxKind": "function",
  "ctxName": "useStyles$",
  "captures": false,
  "loc": [
    118,
    124
  ]
}
*/
============================= app_component_ckepmxzlub0.tsx ==

import { qrl } from "@qwik.dev/core";
import { useStylesQrl } from "@qwik.dev/core";
export const App_component_ckEPmXZlub0 = (props)=>{
    useStylesQrl(/*#__PURE__*/ qrl(()=>import("./app_component_usestyles_t35nsa5uv7u.tsx"), "App_component_useStyles_t35nSa5UV7U"));
    return /*#__PURE__*/ qrl(()=>import("./app_component_1_w0t0o3qmovu.tsx"), "App_component_1_w0t0o3QMovU");
};


Some("{\"version\":3,\"sources\":[\"/user/qwik/src/test.tsx\"],\"names\":[],\"mappings\":\";;yCAG8B,CAAC;IAC9B;IACA;AAGD\"}")
/*
{
  "origin": "test.tsx",
  "name": "App_component_ckEPmXZlub0",
  "entry": "entry_segments",
  "displayName": "App_component",
  "hash": "ckEPmXZlub0",
  "canonicalFilename": "app_component_ckepmxzlub0",
  "path": "",
  "extension": "tsx",
  "parent": null,
  "ctxKind": "function",
  "ctxName": "component$",
  "captures": false,
  "loc": [
    93,
    165
  ]
}
*/
============================= app_component_1_w0t0o3qmovu.tsx ==

export const App_component_1_w0t0o3QMovU = ()=><div></div>;
export { _hW } from "@qwik.dev/core";


Some("{\"version\":3,\"sources\":[\"/user/qwik/src/test.tsx\"],\"names\":[],\"mappings\":\"2CAKU,KACP,MAAM\"}")
/*
{
  "origin": "test.tsx",
  "name": "App_component_1_w0t0o3QMovU",
  "entry": "entry_segments",
  "displayName": "App_component_1",
  "hash": "w0t0o3QMovU",
  "canonicalFilename": "app_component_1_w0t0o3qmovu",
  "path": "",
  "extension": "tsx",
  "parent": "App_component_ckEPmXZlub0",
  "ctxKind": "function",
  "ctxName": "$",
  "captures": false,
  "loc": [
    137,
    161
  ]
}
*/
== DIAGNOSTICS ==

[]
