---
source: packages/qwik/src/optimizer/core/src/test.rs
assertion_line: 1514
expression: output
---
==INPUT==


import { component$, useBrowserVisibleTask$, useStore, useStyles$ } from '@qwikdev/core';
import { thing } from './sibling';
import mongodb from 'mongodb';

export const Child = component$(() => {

	useStyles$('somestring');
	const state = useStore({
		count: 0
	});

	// Double count watch
	useBrowserVisibleTask$(() => {
		state.count = thing.doStuff() + import("./sibling");
	});

	return (
		<div onClick$={() => console.log(mongodb)}>
		</div>
	);
});


============================= test.tsx ==

import { componentQrl } from "@qwikdev/core";
import { useStylesQrl } from "@qwikdev/core";
import { inlinedQrl } from "@qwikdev/core";
import { useBrowserVisibleTaskQrl } from "@qwikdev/core";
import { useLexicalScope } from "@qwikdev/core";
import { useStore } from '@qwikdev/core';
import { thing } from './sibling';
import mongodb from 'mongodb';
export const Child = /*#__PURE__*/ componentQrl(/*#__PURE__*/ inlinedQrl(()=>{
    useStylesQrl(/*#__PURE__*/ inlinedQrl('somestring', "Child_component_useStyles_qBZTuFM0160"));
    const state = useStore({
        count: 0
    });
    // Double count watch
    useBrowserVisibleTaskQrl(/*#__PURE__*/ inlinedQrl(()=>{
        const [state] = useLexicalScope();
        state.count = thing.doStuff() + import("./sibling");
    }, "Child_component_useBrowserVisibleTask_0IGFPOyJmQA", [
        state
    ]));
    return <div onClick$={/*#__PURE__*/ inlinedQrl(()=>console.log(mongodb), "Child_component_div_onClick_elliVSnAiOQ")}>
		</div>;
}, "Child_component_9GyF01GDKqw"));


Some("{\"version\":3,\"sources\":[\"/user/qwik/src/test.tsx\"],\"names\":[],\"mappings\":\";;;;;AACA,SAA6C,QAAQ,QAAoB,mBAAmB;AAC5F,SAAS,KAAK,QAAQ,YAAY;AAClC,OAAO,aAAa,UAAU;AAE9B,OAAO,MAAM,sBAAQ,sCAAW;IAE/B,sCAAW;IACX,MAAM,QAAQ,SAAS;QACtB,OAAO;IACR;IAEA,qBAAqB;IACrB,kDAAuB;;QACtB,MAAM,KAAK,GAAG,MAAM,OAAO,KAAK,MAAM,CAAC;;;;IAGxC,QACE,IAAI,mCAAU,IAAM,QAAQ,GAAG,CAAC,sDAAU;EAC3C,EAAE;AAEJ,mCAAG\"}")
== DIAGNOSTICS ==

[]
