---
source: packages/qwik/src/optimizer/core/src/test.rs
assertion_line: 414
expression: output
---
==INPUT==


import { $, component$ } from '@qwik.dev/core';

export const Foo = component$(({foo}) => {
	const arg0 = 20;
	return $(() => {
		const fn = ({aaa}) => aaa;
		return (
			<div>
				{foo}{fn()}{arg0}
			</div>
		)
	});
})

export const Bar = component$(({bar}) => {
	return $(() => {
		return (
			<div>
				{bar}
			</div>
		)
	});
})

============================= foo_component_htdrsvublie.jsx (ENTRY POINT)==

import { qrl } from "@qwik.dev/core";
export const Foo_component_HTDRsvUbLiE = (props)=>{
    return /*#__PURE__*/ qrl(()=>import("./foo_component_1_dvu6fitwgly"), "Foo_component_1_DvU6FitWglY", [
        props
    ]);
};


Some("{\"version\":3,\"sources\":[\"/user/qwik/src/test.tsx\"],\"names\":[],\"mappings\":\";yCAG8B;IAE7B;;;AAQD\"}")
/*
{
  "origin": "test.tsx",
  "name": "Foo_component_HTDRsvUbLiE",
  "entry": null,
  "displayName": "Foo_component",
  "hash": "HTDRsvUbLiE",
  "canonicalFilename": "foo_component_htdrsvublie",
  "path": "",
  "extension": "jsx",
  "parent": null,
  "ctxKind": "function",
  "ctxName": "component$",
  "captures": false,
  "loc": [
    81,
    221
  ]
}
*/
============================= test.jsx ==

import { componentQrl } from "@qwik.dev/core";
import { qrl } from "@qwik.dev/core";
export const Foo = /*#__PURE__*/ componentQrl(/*#__PURE__*/ qrl(()=>import("./foo_component_htdrsvublie"), "Foo_component_HTDRsvUbLiE"));
export const Bar = /*#__PURE__*/ componentQrl(/*#__PURE__*/ qrl(()=>import("./bar_component_l80ps8hxf1y"), "Bar_component_L80pS8Hxf1Y"));


Some("{\"version\":3,\"sources\":[\"/user/qwik/src/test.tsx\"],\"names\":[],\"mappings\":\";;AAGA,OAAO,MAAM,oBAAM,wGAUjB;AAEF,OAAO,MAAM,oBAAM,wGAQjB\"}")
============================= bar_component_l80ps8hxf1y.jsx (ENTRY POINT)==

import { qrl } from "@qwik.dev/core";
export const Bar_component_L80pS8Hxf1Y = (props)=>{
    return /*#__PURE__*/ qrl(()=>import("./bar_component_1_0xsynsnvu3k"), "Bar_component_1_0xSyNSnVu3k", [
        props
    ]);
};


Some("{\"version\":3,\"sources\":[\"/user/qwik/src/test.tsx\"],\"names\":[],\"mappings\":\";yCAe8B;IAC7B;;;AAOD\"}")
/*
{
  "origin": "test.tsx",
  "name": "Bar_component_L80pS8Hxf1Y",
  "entry": null,
  "displayName": "Bar_component",
  "hash": "L80pS8Hxf1Y",
  "canonicalFilename": "bar_component_l80ps8hxf1y",
  "path": "",
  "extension": "jsx",
  "parent": null,
  "ctxKind": "function",
  "ctxName": "component$",
  "captures": false,
  "loc": [
    254,
    335
  ]
}
*/
============================= foo_component_1_dvu6fitwgly.jsx (ENTRY POINT)==

import { useLexicalScope } from "@qwik.dev/core";
export const Foo_component_1_DvU6FitWglY = ()=>{
    const [props] = useLexicalScope();
    const fn = ({ aaa })=>aaa;
    return <div>
				{props.foo}{fn()}{20}
			</div>;
};
export { _hW } from "@qwik.dev/core";


Some("{\"version\":3,\"sources\":[\"/user/qwik/src/test.tsx\"],\"names\":[],\"mappings\":\";2CAKU;;IACR,MAAM,KAAK,CAAC,EAAC,GAAG,EAAC,GAAK;IACtB,QACE,IAAI;IACJ,OAN4B,KAMtB,MALI,GAKO;GAClB,EAAE\"}")
/*
{
  "origin": "test.tsx",
  "name": "Foo_component_1_DvU6FitWglY",
  "entry": null,
  "displayName": "Foo_component_1",
  "hash": "DvU6FitWglY",
  "canonicalFilename": "foo_component_1_dvu6fitwgly",
  "path": "",
  "extension": "jsx",
  "parent": "Foo_component_HTDRsvUbLiE",
  "ctxKind": "function",
  "ctxName": "$",
  "captures": true,
  "loc": [
    122,
    217
  ]
}
*/
============================= bar_component_1_0xsynsnvu3k.jsx (ENTRY POINT)==

import { useLexicalScope } from "@qwik.dev/core";
export const Bar_component_1_0xSyNSnVu3k = ()=>{
    const [props] = useLexicalScope();
    return <div>
				{props.bar}
			</div>;
};
export { _hW } from "@qwik.dev/core";


Some("{\"version\":3,\"sources\":[\"/user/qwik/src/test.tsx\"],\"names\":[],\"mappings\":\";2CAgBU;;IACR,QACE,IAAI;IACJ,OAJ4B,IAIvB;GACN,EAAE\"}")
/*
{
  "origin": "test.tsx",
  "name": "Bar_component_1_0xSyNSnVu3k",
  "entry": null,
  "displayName": "Bar_component_1",
  "hash": "0xSyNSnVu3k",
  "canonicalFilename": "bar_component_1_0xsynsnvu3k",
  "path": "",
  "extension": "jsx",
  "parent": "Bar_component_L80pS8Hxf1Y",
  "ctxKind": "function",
  "ctxName": "$",
  "captures": true,
  "loc": [
    277,
    331
  ]
}
*/
== DIAGNOSTICS ==

[]
