---
source: packages/qwik/src/optimizer/core/src/test.rs
assertion_line: 1020
expression: output
snapshot_kind: text
---
==INPUT==


export const cache = patternCache[cacheKey] || (patternCache[cacheKey]={});

============================= project/test.tsx ==

export const cache = patternCache[cacheKey] || (patternCache[cacheKey] = {});


Some("{\"version\":3,\"sources\":[\"project/test.tsx\"],\"sourceRoot\":\"/user/qwik/src\",\"names\":[],\"mappings\":\"AACA,OAAO,MAAM,QAAQ,YAAY,CAAC,SAAS,IAAI,CAAC,YAAY,CAAC,SAAS,GAAC,CAAC,CAAC,EAAE\"}")
== DIAGNOSTICS ==

[]
