---
source: packages/qwik/src/optimizer/core/src/test.rs
assertion_line: 1456
expression: output
---
==INPUT==


import { component$ } from '@qwik.dev/core';

export const Foo = component$(() => {
	return (
		<div>
			<div onClick$={() => console.log('first')}/>
			<div onClick$={() => console.log('second')}/>
			<div onClick$={() => console.log('third')}/>
		</div>
	);
});

============================= test.tsx_foo_component_htdrsvublie.tsx (ENTRY POINT)==

import { qrl } from "@qwik.dev/core";
export const s_HTDRsvUbLiE = ()=>{
    return <div>
			<div onClick$={/*#__PURE__*/ qrl(()=>import("./test.tsx_foo_component_div_div_onclick_9dcjc0ujddo"), "s_9DcJc0uJDDo")}/>
			<div onClick$={/*#__PURE__*/ qrl(()=>import("./test.tsx_foo_component_div_div_onclick_1_rjqdy8i0mxc"), "s_RjQdy8I0MXc")}/>
			<div onClick$={/*#__PURE__*/ qrl(()=>import("./test.tsx_foo_component_div_div_onclick_2_w9ptfrbvk1e"), "s_w9ptFRBVK1E")}/>
		</div>;
};


Some("{\"version\":3,\"sources\":[\"/user/qwik/src/test.tsx\"],\"names\":[],\"mappings\":\";6BAG8B;IAC7B,QACE,IAAI;GACJ,CAAC,IAAI,mHAAuC;GAC5C,CAAC,IAAI,qHAAwC;GAC7C,CAAC,IAAI,qHAAuC;EAC7C,EAAE;AAEJ\"}")
/*
{
  "origin": "test.tsx",
  "name": "s_HTDRsvUbLiE",
  "entry": null,
  "displayName": "test.tsx_Foo_component",
  "hash": "HTDRsvUbLiE",
  "canonicalFilename": "test.tsx_foo_component_htdrsvublie",
  "path": "",
  "extension": "tsx",
  "parent": null,
  "ctxKind": "function",
  "ctxName": "component$",
  "captures": false,
  "loc": [
    78,
    263
  ]
}
*/
============================= test.tsx_foo_component_div_div_onclick_9dcjc0ujddo.tsx (ENTRY POINT)==

export const s_9DcJc0uJDDo = ()=>console.log('first');


Some("{\"version\":3,\"sources\":[\"/user/qwik/src/test.tsx\"],\"names\":[],\"mappings\":\"6BAMkB,IAAM,QAAQ,GAAG,CAAC\"}")
/*
{
  "origin": "test.tsx",
  "name": "s_9DcJc0uJDDo",
  "entry": null,
  "displayName": "test.tsx_Foo_component_div_div_onClick",
  "hash": "9DcJc0uJDDo",
  "canonicalFilename": "test.tsx_foo_component_div_div_onclick_9dcjc0ujddo",
  "path": "",
  "extension": "tsx",
  "parent": "s_HTDRsvUbLiE",
  "ctxKind": "jSXProp",
  "ctxName": "onClick$",
  "captures": false,
  "loc": [
    122,
    148
  ]
}
*/
============================= test.tsx_foo_component_div_div_onclick_2_w9ptfrbvk1e.tsx (ENTRY POINT)==

export const s_w9ptFRBVK1E = ()=>console.log('third');


Some("{\"version\":3,\"sources\":[\"/user/qwik/src/test.tsx\"],\"names\":[],\"mappings\":\"6BAQkB,IAAM,QAAQ,GAAG,CAAC\"}")
/*
{
  "origin": "test.tsx",
  "name": "s_w9ptFRBVK1E",
  "entry": null,
  "displayName": "test.tsx_Foo_component_div_div_onClick_2",
  "hash": "w9ptFRBVK1E",
  "canonicalFilename": "test.tsx_foo_component_div_div_onclick_2_w9ptfrbvk1e",
  "path": "",
  "extension": "tsx",
  "parent": "s_HTDRsvUbLiE",
  "ctxKind": "jSXProp",
  "ctxName": "onClick$",
  "captures": false,
  "loc": [
    219,
    245
  ]
}
*/
============================= test.tsx_foo_component_div_div_onclick_1_rjqdy8i0mxc.tsx (ENTRY POINT)==

export const s_RjQdy8I0MXc = ()=>console.log('second');


Some("{\"version\":3,\"sources\":[\"/user/qwik/src/test.tsx\"],\"names\":[],\"mappings\":\"6BAOkB,IAAM,QAAQ,GAAG,CAAC\"}")
/*
{
  "origin": "test.tsx",
  "name": "s_RjQdy8I0MXc",
  "entry": null,
  "displayName": "test.tsx_Foo_component_div_div_onClick_1",
  "hash": "RjQdy8I0MXc",
  "canonicalFilename": "test.tsx_foo_component_div_div_onclick_1_rjqdy8i0mxc",
  "path": "",
  "extension": "tsx",
  "parent": "s_HTDRsvUbLiE",
  "ctxKind": "jSXProp",
  "ctxName": "onClick$",
  "captures": false,
  "loc": [
    170,
    197
  ]
}
*/
============================= test.tsx ==

import { componentQrl } from "@qwik.dev/core";
import { qrl } from "@qwik.dev/core";
export const Foo = /*#__PURE__*/ componentQrl(/*#__PURE__*/ qrl(()=>import("./test.tsx_foo_component_htdrsvublie"), "s_HTDRsvUbLiE"));


Some("{\"version\":3,\"sources\":[\"/user/qwik/src/test.tsx\"],\"names\":[],\"mappings\":\";;AAGA,OAAO,MAAM,oBAAM,qGAQhB\"}")
== DIAGNOSTICS ==

[]
