---
source: packages/qwik/src/optimizer/core/src/test.rs
assertion_line: 1236
expression: output
---
==INPUT==


import { $, component$, useStyles } from '@qwik.dev/core';
import { qrl } from '@qwik.dev/core/what';

export const hW = 12;
export const handleWatch = 42;

const componentQrl = () => console.log('not this', qrl());

componentQrl();
export const Foo = component$(() => {
	useStyles$('thing');
	const qwik = hW + handleWatch;
	console.log(qwik);
	const qrl = 23;
	return (
		<div onClick$={()=> console.log(qrl)}/>
	)
}, {
	tagName: "my-foo",
});

export const Root = component$(() => {
	useStyles($('thing'));
	return $(() => {
		return (
			<div/>
		)
	});
}, {
	tagName: "my-foo",
});

============================= test.js ==

import { componentQrl } from "@qwik.dev/core";
import { qrl } from "@qwik.dev/core";
import { qrl as qrl1 } from '@qwik.dev/core/what';
export const hW = 12;
export const handleWatch = 42;
const componentQrl1 = ()=>console.log('not this', qrl1());
componentQrl1();
export const Foo = /*#__PURE__*/ componentQrl(/*#__PURE__*/ qrl(()=>import("./test.tsx_foo_component_htdrsvublie"), "Foo_component_HTDRsvUbLiE"), {
    tagName: "my-foo"
});
export const Root = /*#__PURE__*/ componentQrl(/*#__PURE__*/ qrl(()=>import("./test.tsx_root_component_royhjyacbye"), "Root_component_royhjYaCbYE"), {
    tagName: "my-foo"
});


Some("{\"version\":3,\"sources\":[\"/user/qwik/src/test.tsx\"],\"names\":[],\"mappings\":\";;AAEA,SAAS,OAAA,IAAG,QAAQ,wBAAwB;AAE5C,OAAO,MAAM,KAAK,GAAG;AACrB,OAAO,MAAM,cAAc,GAAG;AAE9B,MAAM,gBAAe,IAAM,QAAQ,GAAG,CAAC,YAAY;AAEnD;AACA,OAAO,MAAM,oBAAM,iHAQhB;IACF,SAAS;AACV,GAAG;AAEH,OAAO,MAAM,qBAAO,mHAOjB;IACF,SAAS;AACV,GAAG\"}")
============================= test.tsx_foo_component_htdrsvublie.js (ENTRY POINT)==

import { _jsxSorted } from "@qwik.dev/core";
import { hW } from "./test";
import { handleWatch } from "./test";
import { qrl } from "@qwik.dev/core";
export const Foo_component_HTDRsvUbLiE = ()=>{
    useStyles$('thing');
    const qwik = hW + handleWatch;
    console.log(qwik);
    return /*#__PURE__*/ _jsxSorted("div", null, {
        onClick$: /*#__PURE__*/ qrl(()=>import("./test.tsx_foo_component_div_onclick_m48dyiidsjw"), "Foo_component_div_onClick_M48DYiidSJw")
    }, null, 3, "u6_0");
};


Some("{\"version\":3,\"sources\":[\"/user/qwik/src/test.tsx\"],\"names\":[],\"mappings\":\";;;;yCAU8B;IAC7B,WAAW;IACX,MAAM,OAAO,KAAK;IAClB,QAAQ,GAAG,CAAC;IAEZ,qBACC,WAAC;QAAI,QAAQ;;AAEf\"}")
/*
{
  "origin": "test.tsx",
  "name": "Foo_component_HTDRsvUbLiE",
  "entry": null,
  "displayName": "test.tsx_Foo_component",
  "hash": "HTDRsvUbLiE",
  "canonicalFilename": "test.tsx_foo_component_htdrsvublie",
  "path": "",
  "extension": "js",
  "parent": null,
  "ctxKind": "function",
  "ctxName": "component$",
  "captures": false,
  "loc": [
    265,
    420
  ]
}
*/
============================= test.tsx_root_component_usestyles_u5dkuxgrgnu.js (ENTRY POINT)==

export const Root_component_useStyles_u5DkUxGrGnU = 'thing';
export { _hW } from "@qwik.dev/core";


Some("{\"version\":3,\"sources\":[\"/user/qwik/src/test.tsx\"],\"names\":[],\"mappings\":\"oDAuBa\"}")
/*
{
  "origin": "test.tsx",
  "name": "Root_component_useStyles_u5DkUxGrGnU",
  "entry": null,
  "displayName": "test.tsx_Root_component_useStyles",
  "hash": "u5DkUxGrGnU",
  "canonicalFilename": "test.tsx_root_component_usestyles_u5dkuxgrgnu",
  "path": "",
  "extension": "js",
  "parent": "Root_component_royhjYaCbYE",
  "ctxKind": "function",
  "ctxName": "$",
  "captures": false,
  "loc": [
    501,
    508
  ]
}
*/
============================= test.tsx_root_component_royhjyacbye.js (ENTRY POINT)==

import { qrl } from "@qwik.dev/core";
import { useStyles } from "@qwik.dev/core";
export const Root_component_royhjYaCbYE = ()=>{
    useStyles(/*#__PURE__*/ qrl(()=>import("./test.tsx_root_component_usestyles_u5dkuxgrgnu"), "Root_component_useStyles_u5DkUxGrGnU"));
    return /*#__PURE__*/ qrl(()=>import("./test.tsx_root_component_1_cbpqnyduhi4"), "Root_component_1_cBpQNYDUHI4");
};


Some("{\"version\":3,\"sources\":[\"/user/qwik/src/test.tsx\"],\"names\":[],\"mappings\":\";;0CAsB+B;IAC9B;IACA;AAKD\"}")
/*
{
  "origin": "test.tsx",
  "name": "Root_component_royhjYaCbYE",
  "entry": null,
  "displayName": "test.tsx_Root_component",
  "hash": "royhjYaCbYE",
  "canonicalFilename": "test.tsx_root_component_royhjyacbye",
  "path": "",
  "extension": "js",
  "parent": null,
  "ctxKind": "function",
  "ctxName": "component$",
  "captures": false,
  "loc": [
    480,
    561
  ]
}
*/
============================= test.tsx_root_component_1_cbpqnyduhi4.js (ENTRY POINT)==

import { _jsxSorted } from "@qwik.dev/core";
export const Root_component_1_cBpQNYDUHI4 = ()=>{
    return /*#__PURE__*/ _jsxSorted("div", null, null, null, 3, "u6_1");
};
export { _hW } from "@qwik.dev/core";


Some("{\"version\":3,\"sources\":[\"/user/qwik/src/test.tsx\"],\"names\":[],\"mappings\":\";4CAwBU;IACR,qBACC,WAAC;AAEH\"}")
/*
{
  "origin": "test.tsx",
  "name": "Root_component_1_cBpQNYDUHI4",
  "entry": null,
  "displayName": "test.tsx_Root_component_1",
  "hash": "cBpQNYDUHI4",
  "canonicalFilename": "test.tsx_root_component_1_cbpqnyduhi4",
  "path": "",
  "extension": "js",
  "parent": "Root_component_royhjYaCbYE",
  "ctxKind": "function",
  "ctxName": "$",
  "captures": false,
  "loc": [
    522,
    557
  ]
}
*/
============================= test.tsx_foo_component_div_onclick_m48dyiidsjw.js (ENTRY POINT)==

export const Foo_component_div_onClick_M48DYiidSJw = ()=>console.log(23);


Some("{\"version\":3,\"sources\":[\"/user/qwik/src/test.tsx\"],\"names\":[],\"mappings\":\"qDAgBiB,IAAK,QAAQ,GAAG,CAFpB\"}")
/*
{
  "origin": "test.tsx",
  "name": "Foo_component_div_onClick_M48DYiidSJw",
  "entry": null,
  "displayName": "test.tsx_Foo_component_div_onClick",
  "hash": "M48DYiidSJw",
  "canonicalFilename": "test.tsx_foo_component_div_onclick_m48dyiidsjw",
  "path": "",
  "extension": "js",
  "parent": "Foo_component_HTDRsvUbLiE",
  "ctxKind": "eventHandler",
  "ctxName": "onClick$",
  "captures": false,
  "loc": [
    391,
    412
  ]
}
*/
== DIAGNOSTICS ==

[]
