---
source: packages/qwik/src/optimizer/core/src/test.rs
assertion_line: 4118
expression: output
snapshot_kind: text
---
==INPUT==


		import { component$, useStore, useTask$ } from '@qwik.dev/core';

		export const Input = component$<{error: string, error2: string, error3: string}>(
			(props) => {
				useTask$(({ track }) => {
					track(() => props.error);
					track(() => props.error2);
					track(() => props.error3);
				});

				return (
					<>
					</>
				);
			}
		);

		export default component$(() => {
			const [store] = [useStore({errors: {}})];
			const [[store2]] = [[useStore({errors: {}})]];
			const { store3 } = { store3: useStore({errors: {}}) };

			return (
				<div>
					<button onClick$={() => {
						store.errors.test = store.errors.test ? undefined : 'ERROR TEST';
					}}>click</button>
					<Input error={store.errors.test} error2={store2.errors.test} error3={store3.errors.test} />
				</div>
			);
		});
		
============================= test.js ==

import { componentQrl } from "@qwik.dev/core";
import { qrl } from "@qwik.dev/core";
export const Input = /*#__PURE__*/ componentQrl(/*#__PURE__*/ qrl(()=>import("./test.tsx_Input_component_9metqqaxlN8"), "Input_component_9metqqaxlN8"));
export default /*#__PURE__*/ componentQrl(/*#__PURE__*/ qrl(()=>import("./test.tsx_test_component_LUXeXe0DQrg"), "test_component_LUXeXe0DQrg"));


Some("{\"version\":3,\"sources\":[\"/user/qwik/src/test.tsx\"],\"names\":[],\"mappings\":\";;AAGE,OAAO,MAAM,sBAAQ,qHAanB;AAEF,6BAAe,mHAaZ\"}")
============================= test.tsx_test_component_LUXeXe0DQrg.js (ENTRY POINT)==

import { Input } from "./test";
import { _fnSignal } from "@qwik.dev/core";
import { _jsxSorted } from "@qwik.dev/core";
import { qrl } from "@qwik.dev/core";
import { useStore } from "@qwik.dev/core";
export const test_component_LUXeXe0DQrg = ()=>{
    const [store] = [
        useStore({
            errors: {}
        })
    ];
    const [[store2]] = [
        [
            useStore({
                errors: {}
            })
        ]
    ];
    const { store3 } = {
        store3: useStore({
            errors: {}
        })
    };
    return /*#__PURE__*/ _jsxSorted("div", null, null, [
        /*#__PURE__*/ _jsxSorted("button", null, {
            onClick$: /*#__PURE__*/ qrl(()=>import("./test.tsx_test_component_div_button_onClick_TfpwI5Xb2NU"), "test_component_div_button_onClick_TfpwI5Xb2NU", [
                store
            ])
        }, "click", 3, null),
        /*#__PURE__*/ _jsxSorted(Input, null, {
            error: _fnSignal((p0)=>p0.errors.test, [
                store
            ], "p0.errors.test"),
            error2: _fnSignal((p0)=>p0.errors.test, [
                store2
            ], "p0.errors.test"),
            error3: _fnSignal((p0)=>p0.errors.test, [
                store3
            ], "p0.errors.test")
        }, null, 3, "u6_1")
    ], 1, "u6_2");
};


Some("{\"version\":3,\"sources\":[\"/user/qwik/src/test.tsx\"],\"names\":[],\"mappings\":\";;;;;0CAkB4B;IACzB,MAAM,CAAC,MAAM,GAAG;QAAC,SAAS;YAAC,QAAQ,CAAC;QAAC;KAAG;IACxC,MAAM,CAAC,CAAC,OAAO,CAAC,GAAG;QAAC;YAAC,SAAS;gBAAC,QAAQ,CAAC;YAAC;SAAG;KAAC;IAC7C,MAAM,EAAE,MAAM,EAAE,GAAG;QAAE,QAAQ,SAAS;YAAC,QAAQ,CAAC;QAAC;IAAG;IAEpD,qBACC,WAAC;sBACA,WAAC;YAAO,QAAQ;;;WAEb;sBACH,WAAC;YAAM,KAAK,kBAAE,GAAM,MAAM,CAAC,IAAI;;;YAAE,MAAM,kBAAE,GAAO,MAAM,CAAC,IAAI;;;YAAE,MAAM,kBAAE,GAAO,MAAM,CAAC,IAAI;;;;;AAG1F\"}")
/*
{
  "origin": "test.tsx",
  "name": "test_component_LUXeXe0DQrg",
  "entry": null,
  "displayName": "test.tsx_test_component",
  "hash": "LUXeXe0DQrg",
  "canonicalFilename": "test.tsx_test_component_LUXeXe0DQrg",
  "path": "",
  "extension": "js",
  "parent": null,
  "ctxKind": "function",
  "ctxName": "component$",
  "captures": false,
  "loc": [
    380,
    807
  ]
}
*/
============================= test.tsx_test_component_div_button_onClick_TfpwI5Xb2NU.js (ENTRY POINT)==

import { useLexicalScope } from "@qwik.dev/core";
export const test_component_div_button_onClick_TfpwI5Xb2NU = ()=>{
    const [store] = useLexicalScope();
    store.errors.test = store.errors.test ? undefined : 'ERROR TEST';
};


Some("{\"version\":3,\"sources\":[\"/user/qwik/src/test.tsx\"],\"names\":[],\"mappings\":\";6DAyBuB;;IACjB,MAAM,MAAM,CAAC,IAAI,GAAG,MAAM,MAAM,CAAC,IAAI,GAAG,YAAY\"}")
/*
{
  "origin": "test.tsx",
  "name": "test_component_div_button_onClick_TfpwI5Xb2NU",
  "entry": null,
  "displayName": "test.tsx_test_component_div_button_onClick",
  "hash": "TfpwI5Xb2NU",
  "canonicalFilename": "test.tsx_test_component_div_button_onClick_TfpwI5Xb2NU",
  "path": "",
  "extension": "js",
  "parent": "test_component_LUXeXe0DQrg",
  "ctxKind": "eventHandler",
  "ctxName": "onClick$",
  "captures": true,
  "loc": [
    587,
    673
  ]
}
*/
============================= test.tsx_Input_component_useTask_Sbgs9Wtfkt0.js (ENTRY POINT)==

import { useLexicalScope } from "@qwik.dev/core";
export const Input_component_useTask_Sbgs9Wtfkt0 = ({ track })=>{
    const [props] = useLexicalScope();
    track(()=>props.error);
    track(()=>props.error2);
    track(()=>props.error3);
};
export { _hW } from "@qwik.dev/core";


Some("{\"version\":3,\"sources\":[\"/user/qwik/src/test.tsx\"],\"names\":[],\"mappings\":\";mDAKa,CAAC,EAAE,KAAK,EAAE;;IAClB,MAAM,IAAM,MAAM,KAAK;IACvB,MAAM,IAAM,MAAM,MAAM;IACxB,MAAM,IAAM,MAAM,MAAM\"}")
/*
{
  "origin": "test.tsx",
  "name": "Input_component_useTask_Sbgs9Wtfkt0",
  "entry": null,
  "displayName": "test.tsx_Input_component_useTask",
  "hash": "Sbgs9Wtfkt0",
  "canonicalFilename": "test.tsx_Input_component_useTask_Sbgs9Wtfkt0",
  "path": "",
  "extension": "js",
  "parent": "Input_component_9metqqaxlN8",
  "ctxKind": "function",
  "ctxName": "useTask$",
  "captures": true,
  "loc": [
    183,
    300
  ]
}
*/
============================= test.tsx_Input_component_9metqqaxlN8.js (ENTRY POINT)==

import { Fragment as _Fragment } from "@qwik.dev/core/jsx-runtime";
import { _jsxSorted } from "@qwik.dev/core";
import { qrl } from "@qwik.dev/core";
import { useTaskQrl } from "@qwik.dev/core";
export const Input_component_9metqqaxlN8 = (props)=>{
    useTaskQrl(/*#__PURE__*/ qrl(()=>import("./test.tsx_Input_component_useTask_Sbgs9Wtfkt0"), "Input_component_useTask_Sbgs9Wtfkt0", [
        props
    ]));
    return /*#__PURE__*/ _jsxSorted(_Fragment, null, null, null, 3, "u6_0");
};


Some("{\"version\":3,\"sources\":[\"/user/qwik/src/test.tsx\"],\"names\":[],\"mappings\":\";;;;2CAIG,CAAC;IACA;;;IAMA,qBACC;AAGF\"}")
/*
{
  "origin": "test.tsx",
  "name": "Input_component_9metqqaxlN8",
  "entry": null,
  "displayName": "test.tsx_Input_component",
  "hash": "9metqqaxlN8",
  "canonicalFilename": "test.tsx_Input_component_9metqqaxlN8",
  "path": "",
  "extension": "js",
  "parent": null,
  "ctxKind": "function",
  "ctxName": "component$",
  "captures": false,
  "loc": [
    157,
    345
  ]
}
*/
== DIAGNOSTICS ==

[]
