---
source: packages/qwik/src/optimizer/core/src/test.rs
assertion_line: 2602
expression: output
---
==INPUT==


import { component$, useStore, Slot } from '@qwikdev/core';

export const App = component$((props: Stuff) => {
	return (
		<div>
			<Slot/>
		</div>
	);
});

============================= test.js ==

import { componentQrl } from "@qwikdev/core";
import { _jsxSorted } from "@qwikdev/core";
import { inlinedQrl } from "@qwikdev/core";
import { Slot } from '@qwikdev/core';
const App_component_ckEPmXZlub0 = (props)=>{
    return /*#__PURE__*/ _jsxSorted("div", null, null, /*#__PURE__*/ _jsxSorted(Slot, null, null, null, 3, "u6_0"), 1, "u6_1");
};
export const App = /*#__PURE__*/ componentQrl(/*#__PURE__*/ inlinedQrl(App_component_ckEPmXZlub0, "App_component_ckEPmXZlub0"));


Some("{\"version\":3,\"sources\":[\"/user/qwik/src/test.tsx\"],\"names\":[],\"mappings\":\";;;AACA,SAA+B,IAAI,QAAQ,mBAAmB;kCAEhC,CAAC;IAC9B,qBACC,WAAC,iCACA,WAAC;AAGJ;AANA,OAAO,MAAM,oBAAM,+FAMhB\"}")
== DIAGNOSTICS ==

[]
