---
source: packages/qwik/src/optimizer/core/src/test.rs
assertion_line: 1950
expression: output
snapshot_kind: text
---
==INPUT==


import { component$ } from '@builder.io/qwik';
export const Greeter = component$(() => <div/>)

============================= components\apps\apps.tsx_Greeter_component_Q7eEoxaolmI.ts (ENTRY POINT)==

import { _jsxQ } from "@builder.io/qwik";
export const Greeter_component_Q7eEoxaolmI = ()=>/*#__PURE__*/ _jsxQ("div", null, null, null, 3, "9H_0");


Some("{\"version\":3,\"sources\":[\"components\\\\apps\\\\apps.tsx\"],\"sourceRoot\":\"/user/qwik/src\",\"names\":[],\"mappings\":\";6CAEkC,kBAAM,MAAC\"}")
/*
{
  "origin": "components\\apps\\apps.tsx",
  "name": "Greeter_component_Q7eEoxaolmI",
  "entry": null,
  "displayName": "components\\apps\\apps.tsx_Greeter_component",
  "hash": "Q7eEoxaolmI",
  "canonicalFilename": "components\\apps\\apps.tsx_Greeter_component_Q7eEoxaolmI",
  "path": "",
  "extension": "ts",
  "parent": null,
  "ctxKind": "function",
  "ctxName": "component$",
  "captures": false,
  "loc": [
    83,
    95
  ]
}
*/
============================= components\apps\apps.ts ==

import { componentQrl } from "@builder.io/qwik";
import { qrl } from "@builder.io/qwik";
export const Greeter = /*#__PURE__*/ componentQrl(/*#__PURE__*/ qrl(()=>import("./components\\apps\\apps.tsx_Greeter_component_Q7eEoxaolmI"), "Greeter_component_Q7eEoxaolmI"));


Some("{\"version\":3,\"sources\":[\"components\\\\apps\\\\apps.tsx\"],\"sourceRoot\":\"/user/qwik/src\",\"names\":[],\"mappings\":\";;AAEA,OAAO,MAAM,wBAAU,2IAAwB\"}")
== DIAGNOSTICS ==

[]
