---
source: packages/qwik/src/optimizer/core/src/test.rs
assertion_line: 935
expression: output
---
==INPUT==


import { $, component$ } from '@qwik.dev/core';

export const Foo = component$(({color}) => {
	return (
		<div>
			<Button {...props} />
			<ButtonArrow {...props} />
		</div>
	);
}, {
	tagName: "my-foo",
});

export function Button({text, color}) {
	return (
		<button onColor$={color} onClick$={()=>console.log(text, color)}>{text}</button>
	);
}

export const ButtonArrow = ({text, color}) => {
	return (
		<button onColor$={color} onClick$={()=>console.log(text, color)}>{text}</button>
	);
}

============================= test.tsx_foo_component_htdrsvublie.tsx (ENTRY POINT)==

import { Button } from "./test";
import { ButtonArrow } from "./test";
export const Foo_component_HTDRsvUbLiE = (props1)=>{
    return <div>
			<Button {...props}/>
			<ButtonArrow {...props}/>
		</div>;
};


Some("{\"version\":3,\"sources\":[\"/user/qwik/src/test.tsx\"],\"names\":[],\"mappings\":\";;yCAG8B;IAC7B,QACE,IAAI;GACJ,CAAC,QAAQ,GAAG,KAAK,GAAI;GACrB,CAAC,aAAa,GAAG,KAAK,GAAI;EAC3B,EAAE;AAEJ\"}")
/*
{
  "origin": "test.tsx",
  "name": "Foo_component_HTDRsvUbLiE",
  "entry": null,
  "displayName": "test.tsx_Foo_component",
  "hash": "HTDRsvUbLiE",
  "canonicalFilename": "test.tsx_foo_component_htdrsvublie",
  "path": "",
  "extension": "tsx",
  "parent": null,
  "ctxKind": "function",
  "ctxName": "component$",
  "captures": false,
  "loc": [
    81,
    183
  ]
}
*/
============================= test.tsx_buttonarrow_button_onclick_9npo43figik.tsx (ENTRY POINT)==

import { useLexicalScope } from "@qwik.dev/core";
export const ButtonArrow_button_onClick_9npo43fIGik = ()=>{
    const [color, text] = useLexicalScope();
    return console.log(text, color);
};


Some("{\"version\":3,\"sources\":[\"/user/qwik/src/test.tsx\"],\"names\":[],\"mappings\":\";sDAsBqC;;WAAI,QAAQ,GAAG,CAAC,MAAM\"}")
/*
{
  "origin": "test.tsx",
  "name": "ButtonArrow_button_onClick_9npo43fIGik",
  "entry": null,
  "displayName": "test.tsx_ButtonArrow_button_onClick",
  "hash": "9npo43fIGik",
  "canonicalFilename": "test.tsx_buttonarrow_button_onclick_9npo43figik",
  "path": "",
  "extension": "tsx",
  "parent": null,
  "ctxKind": "jSXProp",
  "ctxName": "onClick$",
  "captures": true,
  "loc": [
    447,
    475
  ]
}
*/
============================= test.tsx_button_button_onclick_nsm0jyv00jw.tsx (ENTRY POINT)==

import { useLexicalScope } from "@qwik.dev/core";
export const Button_button_onClick_NsM0JYV00Jw = ()=>{
    const [color, text] = useLexicalScope();
    return console.log(text, color);
};


Some("{\"version\":3,\"sources\":[\"/user/qwik/src/test.tsx\"],\"names\":[],\"mappings\":\";iDAgBqC;;WAAI,QAAQ,GAAG,CAAC,MAAM\"}")
/*
{
  "origin": "test.tsx",
  "name": "Button_button_onClick_NsM0JYV00Jw",
  "entry": null,
  "displayName": "test.tsx_Button_button_onClick",
  "hash": "NsM0JYV00Jw",
  "canonicalFilename": "test.tsx_button_button_onclick_nsm0jyv00jw",
  "path": "",
  "extension": "tsx",
  "parent": null,
  "ctxKind": "jSXProp",
  "ctxName": "onClick$",
  "captures": true,
  "loc": [
    299,
    327
  ]
}
*/
============================= test.tsx ==

import { componentQrl } from "@qwik.dev/core";
import { qrl } from "@qwik.dev/core";
export const Foo = /*#__PURE__*/ componentQrl(/*#__PURE__*/ qrl(()=>import("./test.tsx_foo_component_htdrsvublie"), "Foo_component_HTDRsvUbLiE"), {
    tagName: "my-foo"
});
export function Button({ text, color }) {
    return <button onColor$={color} onClick$={/*#__PURE__*/ qrl(()=>import("./test.tsx_button_button_onclick_nsm0jyv00jw"), "Button_button_onClick_NsM0JYV00Jw", [
        color,
        text
    ])}>{text}</button>;
}
export const ButtonArrow = ({ text, color })=>{
    return <button onColor$={color} onClick$={/*#__PURE__*/ qrl(()=>import("./test.tsx_buttonarrow_button_onclick_9npo43figik"), "ButtonArrow_button_onClick_9npo43fIGik", [
        color,
        text
    ])}>{text}</button>;
};


Some("{\"version\":3,\"sources\":[\"/user/qwik/src/test.tsx\"],\"names\":[],\"mappings\":\";;AAGA,OAAO,MAAM,oBAAM,iHAOhB;IACF,SAAS;AACV,GAAG;AAEH,OAAO,SAAS,OAAO,EAAC,IAAI,EAAE,KAAK,EAAC;IACnC,QACE,OAAO,UAAU,OAAO;;;SAAyC,OAAO;AAE3E;AAEA,OAAO,MAAM,cAAc,CAAC,EAAC,IAAI,EAAE,KAAK,EAAC;IACxC,QACE,OAAO,UAAU,OAAO;;;SAAyC,OAAO;AAE3E,EAAC\"}")
== DIAGNOSTICS ==

[]
