---
source: packages/qwik/src/optimizer/core/src/test.rs
assertion_line: 2224
expression: output
---
==INPUT==


import { component$, useStore } from '@qwik.dev/core';

export enum Thing {
	A,
	B
}

export const App = component$(() => {
	console.log(Thing.A);
	return (
		<>
			<p class="stuff">Hello Qwik</p>
		</>
	);
});

============================= test.tsx ==

import { componentQrl } from "@qwik.dev/core";
import { qrl } from "@qwik.dev/core";
export enum Thing {
    A,
    B
}
export const App = /*#__PURE__*/ componentQrl(/*#__PURE__*/ qrl(()=>import("./test.tsx_app_component_ckepmxzlub0"), "App_component_ckEPmXZlub0"));


Some("{\"version\":3,\"sources\":[\"/user/qwik/src/test.tsx\"],\"names\":[],\"mappings\":\";;AAGA,YAAY;IACX;IACA;;AAGD,OAAO,MAAM,oBAAM,iHAOhB\"}")
============================= test.tsx_app_component_ckepmxzlub0.tsx (ENTRY POINT)==

import { Thing } from "./test";
export const App_component_ckEPmXZlub0 = ()=>{
    console.log(Thing.A);
    return <>
			<p class="stuff">Hello Qwik</p>
		</>;
};


Some("{\"version\":3,\"sources\":[\"/user/qwik/src/test.tsx\"],\"names\":[],\"mappings\":\";yCAQ8B;IAC7B,QAAQ,GAAG,CAAC,MAAM,CAAC;IACnB,SACG;GACD,CAAC,EAAE,MAAM,QAAQ,UAAU,EAAE,EAAE;EAChC;AAEF\"}")
/*
{
  "origin": "test.tsx",
  "name": "App_component_ckEPmXZlub0",
  "entry": null,
  "displayName": "test.tsx_App_component",
  "hash": "ckEPmXZlub0",
  "canonicalFilename": "test.tsx_app_component_ckepmxzlub0",
  "path": "",
  "extension": "tsx",
  "parent": null,
  "ctxKind": "function",
  "ctxName": "component$",
  "captures": false,
  "loc": [
    118,
    210
  ]
}
*/
== DIAGNOSTICS ==

[]
